<html>
<body>
<pre>
<h1>µVision Build Log</h1>
<h2>Project:</h2>
D:\Lpc2378\Serial\MDK-ARM\Serial.uvproj
Project File Date:  11/01/2019

<h2>Output:</h2>
Build target 'LPC2300'
assembling LPC2300.s...
compiling main.c...
compiling Serial.c...
linking...
Program Size: Code=1376 RO-data=16 RW-data=0 ZI-data=1384  
"Serial.axf" - 0 Error(s), 0 Warning(s).
Build target 'LPC2300'
assembling LPC2300.s...
compiling main.c...
compiling Serial.c...
linking...
Program Size: Code=1188 RO-data=16 RW-data=0 ZI-data=1384  
"Serial.axf" - 0 Error(s), 0 Warning(s).
Clean started: Project: 'Serial'
   deleting intermediate output files for target 'LPC2300'
Build target 'LPC2300'
assembling LPC2300.s...
compiling main.c...
compiling Serial.c...
linking...
Program Size: Code=1188 RO-data=16 RW-data=0 ZI-data=1384  
FromELF: creating hex file...
".\Obj\Serial.axf" - 0 Error(s), 0 Warning(s).
Build target 'LPC2300'
assembling LPC2300.s...
compiling main.c...
compiling Serial.c...
linking...
Program Size: Code=1188 RO-data=16 RW-data=0 ZI-data=1384  
FromELF: creating hex file...
".\Obj\Serial.axf" - 0 Error(s), 0 Warning(s).
Build target 'LPC2300'
assembling LPC2300.s...
compiling main.c...
compiling Serial.c...
linking...
Program Size: Code=1312 RO-data=16 RW-data=0 ZI-data=1384  
FromELF: creating hex file...
".\Obj\Serial.axf" - 0 Error(s), 0 Warning(s).
Build target 'LPC2300'
assembling LPC2300.s...
compiling main.c...
compiling Serial.c...
linking...
Program Size: Code=1368 RO-data=16 RW-data=0 ZI-data=1384  
FromELF: creating hex file...
".\Obj\Serial.axf" - 0 Error(s), 0 Warning(s).
Build target 'LPC2300'
assembling LPC2300.s...
compiling main.c...
compiling Serial.c...
linking...
Program Size: Code=1368 RO-data=16 RW-data=0 ZI-data=1384  
FromELF: creating hex file...
".\Obj\Serial.axf" - 0 Error(s), 0 Warning(s).
Build target 'LPC2300'
assembling LPC2300.s...
compiling main.c...
compiling Serial.c...
..\User\Serial.c(19): error:  #20: identifier "U10DLM" is undefined
..\User\Serial.c:               U10DLM    = 0;                          /* High divisor latch = 0            */
..\User\Serial.c:               ^
..\User\Serial.c: ..\User\Serial.c: 0 warnings, 1 error
Target not created
Build target 'LPC2300'
assembling LPC2300.s...
compiling main.c...
compiling Serial.c...
linking...
Program Size: Code=1348 RO-data=16 RW-data=0 ZI-data=1384  
FromELF: creating hex file...
".\Obj\Serial.axf" - 0 Error(s), 0 Warning(s).
Build target 'LPC2300'
assembling LPC2300.s...
compiling main.c...
compiling Serial.c...
linking...
Program Size: Code=1368 RO-data=16 RW-data=0 ZI-data=1384  
FromELF: creating hex file...
".\Obj\Serial.axf" - 0 Error(s), 0 Warning(s).
Build target 'LPC2300'
assembling LPC2300.s...
compiling main.c...
compiling Serial.c...
linking...
Program Size: Code=1368 RO-data=16 RW-data=0 ZI-data=1384  
FromELF: creating hex file...
".\Obj\Serial.axf" - 0 Error(s), 0 Warning(s).
Build target 'LPC2300'
assembling LPC2300.s...
compiling main.c...
compiling Serial.c...
linking...
Program Size: Code=1348 RO-data=16 RW-data=0 ZI-data=1384  
FromELF: creating hex file...
".\Obj\Serial.axf" - 0 Error(s), 0 Warning(s).
Build target 'LPC2300'
assembling LPC2300.s...
compiling main.c...
compiling Serial.c...
linking...
Program Size: Code=1348 RO-data=16 RW-data=0 ZI-data=1384  
FromELF: creating hex file...
".\Obj\Serial.axf" - 0 Error(s), 0 Warning(s).
Build target 'LPC2300'
assembling LPC2300.s...
compiling main.c...
compiling Serial.c...
linking...
Program Size: Code=1348 RO-data=16 RW-data=0 ZI-data=1384  
FromELF: creating hex file...
".\Obj\Serial.axf" - 0 Error(s), 0 Warning(s).
Build target 'LPC2300'
assembling LPC2300.s...
compiling main.c...
compiling Serial.c...
linking...
Program Size: Code=1348 RO-data=16 RW-data=0 ZI-data=1384  
FromELF: creating hex file...
".\Obj\Serial.axf" - 0 Error(s), 0 Warning(s).
Build target 'LPC2300'
assembling LPC2300.s...
compiling main.c...
compiling Serial.c...
linking...
Program Size: Code=1332 RO-data=16 RW-data=0 ZI-data=1384  
FromELF: creating hex file...
".\Obj\Serial.axf" - 0 Error(s), 0 Warning(s).
Build target 'LPC2300'
assembling LPC2300.s...
compiling main.c...
compiling Serial.c...
linking...
Program Size: Code=1332 RO-data=16 RW-data=0 ZI-data=1384  
FromELF: creating hex file...
".\Obj\Serial.axf" - 0 Error(s), 0 Warning(s).
Build target 'LPC2300'
assembling LPC2300.s...
compiling main.c...
compiling Serial.c...
linking...
Program Size: Code=1348 RO-data=16 RW-data=0 ZI-data=1384  
FromELF: creating hex file...
".\Obj\Serial.axf" - 0 Error(s), 0 Warning(s).
Build target 'LPC2300'
assembling LPC2300.s...
compiling main.c...
compiling Serial.c...
linking...
Program Size: Code=1492 RO-data=16 RW-data=0 ZI-data=1384  
FromELF: creating hex file...
".\Obj\Serial.axf" - 0 Error(s), 0 Warning(s).
Build target 'LPC2300'
assembling LPC2300.s...
compiling main.c...
compiling Serial.c...
linking...
Program Size: Code=1516 RO-data=16 RW-data=0 ZI-data=1384  
FromELF: creating hex file...
".\Obj\Serial.axf" - 0 Error(s), 0 Warning(s).
Build target 'LPC2300'
assembling LPC2300.s...
compiling main.c...
compiling Serial.c...
linking...
Program Size: Code=1516 RO-data=16 RW-data=0 ZI-data=1384  
FromELF: creating hex file...
".\Obj\Serial.axf" - 0 Error(s), 0 Warning(s).
Build target 'LPC2300'
assembling LPC2300.s...
compiling main.c...
compiling Serial.c...
..\User\Serial.c(54): error:  #2706: case label value has already appeared in this switch at line 50
..\User\Serial.c:       case 2:
..\User\Serial.c:            ^
..\User\Serial.c: ..\User\Serial.c: 0 warnings, 1 error
Target not created
Build target 'LPC2300'
assembling LPC2300.s...
compiling main.c...
compiling Serial.c...
linking...
Program Size: Code=1644 RO-data=16 RW-data=0 ZI-data=1384  
FromELF: creating hex file...
".\Obj\Serial.axf" - 0 Error(s), 0 Warning(s).
Build target 'LPC2300'
assembling LPC2300.s...
compiling main.c...
compiling Serial.c...
linking...
Program Size: Code=1644 RO-data=16 RW-data=0 ZI-data=1384  
FromELF: creating hex file...
".\Obj\Serial.axf" - 0 Error(s), 0 Warning(s).
